Archive member included to satisfy reference by file (symbol)

c:/st/stm32cubeide_1.11.0/stm32cubeide/plugins/com.st.stm32cube.ide.mcu.externaltools.gnu-tools-for-stm32.10.3-2021.10.win32_1.0.100.202210260954/tools/bin/../lib/gcc/arm-none-eabi/10.3.1/../../../../arm-none-eabi/lib/thumb/v7e-m+fp/hard\libc_nano.a(lib_a-errno.o)
                              ./Core/Src/syscalls.o (__errno)
c:/st/stm32cubeide_1.11.0/stm32cubeide/plugins/com.st.stm32cube.ide.mcu.externaltools.gnu-tools-for-stm32.10.3-2021.10.win32_1.0.100.202210260954/tools/bin/../lib/gcc/arm-none-eabi/10.3.1/../../../../arm-none-eabi/lib/thumb/v7e-m+fp/hard\libc_nano.a(lib_a-exit.o)
                              c:/st/stm32cubeide_1.11.0/stm32cubeide/plugins/com.st.stm32cube.ide.mcu.externaltools.gnu-tools-for-stm32.10.3-2021.10.win32_1.0.100.202210260954/tools/bin/../lib/gcc/arm-none-eabi/10.3.1/../../../../arm-none-eabi/lib/thumb/v7e-m+fp/hard/crt0.o (exit)
c:/st/stm32cubeide_1.11.0/stm32cubeide/plugins/com.st.stm32cube.ide.mcu.externaltools.gnu-tools-for-stm32.10.3-2021.10.win32_1.0.100.202210260954/tools/bin/../lib/gcc/arm-none-eabi/10.3.1/../../../../arm-none-eabi/lib/thumb/v7e-m+fp/hard\libc_nano.a(lib_a-impure.o)
                              c:/st/stm32cubeide_1.11.0/stm32cubeide/plugins/com.st.stm32cube.ide.mcu.externaltools.gnu-tools-for-stm32.10.3-2021.10.win32_1.0.100.202210260954/tools/bin/../lib/gcc/arm-none-eabi/10.3.1/../../../../arm-none-eabi/lib/thumb/v7e-m+fp/hard\libc_nano.a(lib_a-exit.o) (_global_impure_ptr)
c:/st/stm32cubeide_1.11.0/stm32cubeide/plugins/com.st.stm32cube.ide.mcu.externaltools.gnu-tools-for-stm32.10.3-2021.10.win32_1.0.100.202210260954/tools/bin/../lib/gcc/arm-none-eabi/10.3.1/../../../../arm-none-eabi/lib/thumb/v7e-m+fp/hard\libc_nano.a(lib_a-init.o)
                              c:/st/stm32cubeide_1.11.0/stm32cubeide/plugins/com.st.stm32cube.ide.mcu.externaltools.gnu-tools-for-stm32.10.3-2021.10.win32_1.0.100.202210260954/tools/bin/../lib/gcc/arm-none-eabi/10.3.1/../../../../arm-none-eabi/lib/thumb/v7e-m+fp/hard/crt0.o (__libc_init_array)
c:/st/stm32cubeide_1.11.0/stm32cubeide/plugins/com.st.stm32cube.ide.mcu.externaltools.gnu-tools-for-stm32.10.3-2021.10.win32_1.0.100.202210260954/tools/bin/../lib/gcc/arm-none-eabi/10.3.1/../../../../arm-none-eabi/lib/thumb/v7e-m+fp/hard\libc_nano.a(lib_a-memset.o)
                              c:/st/stm32cubeide_1.11.0/stm32cubeide/plugins/com.st.stm32cube.ide.mcu.externaltools.gnu-tools-for-stm32.10.3-2021.10.win32_1.0.100.202210260954/tools/bin/../lib/gcc/arm-none-eabi/10.3.1/../../../../arm-none-eabi/lib/thumb/v7e-m+fp/hard/crt0.o (memset)
c:/st/stm32cubeide_1.11.0/stm32cubeide/plugins/com.st.stm32cube.ide.mcu.externaltools.gnu-tools-for-stm32.10.3-2021.10.win32_1.0.100.202210260954/tools/bin/../lib/gcc/arm-none-eabi/10.3.1/../../../../arm-none-eabi/lib/thumb/v7e-m+fp/hard\libc_nano.a(lib_a-strlen.o)
                              ./BARE_APP/SPI_ARDUINO_COMMS.o (strlen)
c:/st/stm32cubeide_1.11.0/stm32cubeide/plugins/com.st.stm32cube.ide.mcu.externaltools.gnu-tools-for-stm32.10.3-2021.10.win32_1.0.100.202210260954/tools/bin/../lib/gcc/arm-none-eabi/10.3.1/thumb/v7e-m+fp/hard\libgcc.a(_aeabi_uldivmod.o)
                              ./Drivers/STM32F4xx_HAL_Driver/Src/stm32f4xx_hal_rcc.o (__aeabi_uldivmod)
c:/st/stm32cubeide_1.11.0/stm32cubeide/plugins/com.st.stm32cube.ide.mcu.externaltools.gnu-tools-for-stm32.10.3-2021.10.win32_1.0.100.202210260954/tools/bin/../lib/gcc/arm-none-eabi/10.3.1/thumb/v7e-m+fp/hard\libgcc.a(_udivmoddi4.o)
                              c:/st/stm32cubeide_1.11.0/stm32cubeide/plugins/com.st.stm32cube.ide.mcu.externaltools.gnu-tools-for-stm32.10.3-2021.10.win32_1.0.100.202210260954/tools/bin/../lib/gcc/arm-none-eabi/10.3.1/thumb/v7e-m+fp/hard\libgcc.a(_aeabi_uldivmod.o) (__udivmoddi4)
c:/st/stm32cubeide_1.11.0/stm32cubeide/plugins/com.st.stm32cube.ide.mcu.externaltools.gnu-tools-for-stm32.10.3-2021.10.win32_1.0.100.202210260954/tools/bin/../lib/gcc/arm-none-eabi/10.3.1/thumb/v7e-m+fp/hard\libgcc.a(_dvmd_tls.o)
                              c:/st/stm32cubeide_1.11.0/stm32cubeide/plugins/com.st.stm32cube.ide.mcu.externaltools.gnu-tools-for-stm32.10.3-2021.10.win32_1.0.100.202210260954/tools/bin/../lib/gcc/arm-none-eabi/10.3.1/thumb/v7e-m+fp/hard\libgcc.a(_aeabi_uldivmod.o) (__aeabi_ldiv0)

Discarded input sections

 .text          0x0000000000000000        0x0 c:/st/stm32cubeide_1.11.0/stm32cubeide/plugins/com.st.stm32cube.ide.mcu.externaltools.gnu-tools-for-stm32.10.3-2021.10.win32_1.0.100.202210260954/tools/bin/../lib/gcc/arm-none-eabi/10.3.1/thumb/v7e-m+fp/hard/crti.o
 .data          0x0000000000000000        0x0 c:/st/stm32cubeide_1.11.0/stm32cubeide/plugins/com.st.stm32cube.ide.mcu.externaltools.gnu-tools-for-stm32.10.3-2021.10.win32_1.0.100.202210260954/tools/bin/../lib/gcc/arm-none-eabi/10.3.1/thumb/v7e-m+fp/hard/crti.o
[...]
Memory Configuration

Name             Origin             Length             Attributes
CCMRAM           0x0000000010000000 0x0000000000010000 xrw
RAM              0x0000000020000000 0x0000000000020000 xrw
FLASH            0x0000000008000000 0x0000000000100000 xr
*default*        0x0000000000000000 0xffffffffffffffff

Linker script and memory map

LOAD c:/st/stm32cubeide_1.11.0/stm32cubeide/plugins/com.st.stm32cube.ide.mcu.externaltools.gnu-tools-for-stm32.10.3-2021.10.win32_1.0.100.202210260954/tools/bin/../lib/gcc/arm-none-eabi/10.3.1/thumb/v7e-m+fp/hard/crti.o
LOAD c:/st/stm32cubeide_1.11.0/stm32cubeide/plugins/com.st.stm32cube.ide.mcu.externaltools.gnu-tools-for-stm32.10.3-2021.10.win32_1.0.100.202210260954/tools/bin/../lib/gcc/arm-none-eabi/10.3.1/thumb/v7e-m+fp/hard/crtbegin.o
LOAD c:/st/stm32cubeide_1.11.0/stm32cubeide/plugins/com.st.stm32cube.ide.mcu.externaltools.gnu-tools-for-stm32.10.3-2021.10.win32_1.0.100.202210260954/tools/bin/../lib/gcc/arm-none-eabi/10.3.1/../../../../arm-none-eabi/lib/thumb/v7e-m+fp/hard/crt0.o
LOAD ./BARE_APP/SPI_ARDUINO_COMMS.o
LOAD ./Core/Src/msp.o
LOAD ./Core/Src/stm32f407_gpio_driver.o
LOAD ./Core/Src/stm32f407_spi_driver.o
LOAD ./Core/Src/syscalls.o
LOAD ./Core/Src/sysmem.o
LOAD ./Core/Src/system_stm32f4xx.o
LOAD ./Core/Startup/startup_stm32f407vgtx.o
LOAD ./Drivers/STM32F4xx_HAL_Driver/Src/stm32f4xx_hal.o
LOAD ./Drivers/STM32F4xx_HAL_Driver/Src/stm32f4xx_hal_cortex.o
LOAD ./Drivers/STM32F4xx_HAL_Driver/Src/stm32f4xx_hal_dma.o
LOAD ./Drivers/STM32F4xx_HAL_Driver/Src/stm32f4xx_hal_dma_ex.o
LOAD ./Drivers/STM32F4xx_HAL_Driver/Src/stm32f4xx_hal_exti.o
LOAD ./Drivers/STM32F4xx_HAL_Driver/Src/stm32f4xx_hal_flash.o
LOAD ./Drivers/STM32F4xx_HAL_Driver/Src/stm32f4xx_hal_flash_ex.o
LOAD ./Drivers/STM32F4xx_HAL_Driver/Src/stm32f4xx_hal_flash_ramfunc.o
LOAD ./Drivers/STM32F4xx_HAL_Driver/Src/stm32f4xx_hal_gpio.o
LOAD ./Drivers/STM32F4xx_HAL_Driver/Src/stm32f4xx_hal_pwr.o
LOAD ./Drivers/STM32F4xx_HAL_Driver/Src/stm32f4xx_hal_pwr_ex.o
LOAD ./Drivers/STM32F4xx_HAL_Driver/Src/stm32f4xx_hal_rcc.o
LOAD ./Drivers/STM32F4xx_HAL_Driver/Src/stm32f4xx_hal_rcc_ex.o
LOAD ./Drivers/STM32F4xx_HAL_Driver/Src/stm32f4xx_hal_tim.o
LOAD ./Drivers/STM32F4xx_HAL_Driver/Src/stm32f4xx_hal_tim_ex.o
START GROUP
LOAD c:/st/stm32cubeide_1.11.0/stm32cubeide/plugins/com.st.stm32cube.ide.mcu.externaltools.gnu-tools-for-stm32.10.3-2021.10.win32_1.0.100.202210260954/tools/bin/../lib/gcc/arm-none-eabi/10.3.1/../../../../arm-none-eabi/lib/thumb/v7e-m+fp/hard\libc_nano.a
LOAD c:/st/stm32cubeide_1.11.0/stm32cubeide/plugins/com.st.stm32cube.ide.mcu.externaltools.gnu-tools-for-stm32.10.3-2021.10.win32_1.0.100.202210260954/tools/bin/../lib/gcc/arm-none-eabi/10.3.1/../../../../arm-none-eabi/lib/thumb/v7e-m+fp/hard\libm.a
END GROUP
START GROUP
LOAD c:/st/stm32cubeide_1.11.0/stm32cubeide/plugins/com.st.stm32cube.ide.mcu.externaltools.gnu-tools-for-stm32.10.3-2021.10.win32_1.0.100.202210260954/tools/bin/../lib/gcc/arm-none-eabi/10.3.1/thumb/v7e-m+fp/hard\libgcc.a
LOAD c:/st/stm32cubeide_1.11.0/stm32cubeide/plugins/com.st.stm32cube.ide.mcu.externaltools.gnu-tools-for-stm32.10.3-2021.10.win32_1.0.100.202210260954/tools/bin/../lib/gcc/arm-none-eabi/10.3.1/../../../../arm-none-eabi/lib/thumb/v7e-m+fp/hard\libc_nano.a
END GROUP
START GROUP
LOAD c:/st/stm32cubeide_1.11.0/stm32cubeide/plugins/com.st.stm32cube.ide.mcu.externaltools.gnu-tools-for-stm32.10.3-2021.10.win32_1.0.100.202210260954/tools/bin/../lib/gcc/arm-none-eabi/10.3.1/thumb/v7e-m+fp/hard\libgcc.a
LOAD c:/st/stm32cubeide_1.11.0/stm32cubeide/plugins/com.st.stm32cube.ide.mcu.externaltools.gnu-tools-for-stm32.10.3-2021.10.win32_1.0.100.202210260954/tools/bin/../lib/gcc/arm-none-eabi/10.3.1/../../../../arm-none-eabi/lib/thumb/v7e-m+fp/hard\libc_nano.a
LOAD c:/st/stm32cubeide_1.11.0/stm32cubeide/plugins/com.st.stm32cube.ide.mcu.externaltools.gnu-tools-for-stm32.10.3-2021.10.win32_1.0.100.202210260954/tools/bin/../lib/gcc/arm-none-eabi/10.3.1/../../../../arm-none-eabi/lib/thumb/v7e-m+fp/hard\libnosys.a
END GROUP
START GROUP
LOAD c:/st/stm32cubeide_1.11.0/stm32cubeide/plugins/com.st.stm32cube.ide.mcu.externaltools.gnu-tools-for-stm32.10.3-2021.10.win32_1.0.100.202210260954/tools/bin/../lib/gcc/arm-none-eabi/10.3.1/thumb/v7e-m+fp/hard\libgcc.a
LOAD c:/st/stm32cubeide_1.11.0/stm32cubeide/plugins/com.st.stm32cube.ide.mcu.externaltools.gnu-tools-for-stm32.10.3-2021.10.win32_1.0.100.202210260954/tools/bin/../lib/gcc/arm-none-eabi/10.3.1/../../../../arm-none-eabi/lib/thumb/v7e-m+fp/hard\libc_nano.a
LOAD c:/st/stm32cubeide_1.11.0/stm32cubeide/plugins/com.st.stm32cube.ide.mcu.externaltools.gnu-tools-for-stm32.10.3-2021.10.win32_1.0.100.202210260954/tools/bin/../lib/gcc/arm-none-eabi/10.3.1/../../../../arm-none-eabi/lib/thumb/v7e-m+fp/hard\libnosys.a
END GROUP
LOAD c:/st/stm32cubeide_1.11.0/stm32cubeide/plugins/com.st.stm32cube.ide.mcu.externaltools.gnu-tools-for-stm32.10.3-2021.10.win32_1.0.100.202210260954/tools/bin/../lib/gcc/arm-none-eabi/10.3.1/thumb/v7e-m+fp/hard/crtend.o
LOAD c:/st/stm32cubeide_1.11.0/stm32cubeide/plugins/com.st.stm32cube.ide.mcu.externaltools.gnu-tools-for-stm32.10.3-2021.10.win32_1.0.100.202210260954/tools/bin/../lib/gcc/arm-none-eabi/10.3.1/thumb/v7e-m+fp/hard/crtn.o
                0x0000000020020000                _estack = (ORIGIN (RAM) + LENGTH (RAM))
                0x0000000000000200                _Min_Heap_Size = 0x200
                0x0000000000000400                _Min_Stack_Size = 0x400

.isr_vector     0x0000000008000000      0x188
                0x0000000008000000                . = ALIGN (0x4)
 *(.isr_vector)
 .isr_vector    0x0000000008000000      0x188 ./Core/Startup/startup_stm32f407vgtx.o
                0x0000000008000000                g_pfnVectors
                0x0000000008000188                . = ALIGN (0x4)

.text           0x0000000008000188      0xa88
                0x0000000008000188                . = ALIGN (0x4)
 *(.text)
 .text          0x0000000008000188       0x40 c:/st/stm32cubeide_1.11.0/stm32cubeide/plugins/com.st.stm32cube.ide.mcu.externaltools.gnu-tools-for-stm32.10.3-2021.10.win32_1.0.100.202210260954/tools/bin/../lib/gcc/arm-none-eabi/10.3.1/thumb/v7e-m+fp/hard/crtbegin.o
 .text          0x00000000080001c8       0x10 c:/st/stm32cubeide_1.11.0/stm32cubeide/plugins/com.st.stm32cube.ide.mcu.externaltools.gnu-tools-for-stm32.10.3-2021.10.win32_1.0.100.202210260954/tools/bin/../lib/gcc/arm-none-eabi/10.3.1/../../../../arm-none-eabi/lib/thumb/v7e-m+fp/hard\libc_nano.a(lib_a-strlen.o)
                0x00000000080001c8                strlen
 *(.text*)
 .text.main     0x00000000080001d8       0x94 ./BARE_APP/SPI_ARDUINO_COMMS.o
                0x00000000080001d8                main
 .text.SPI2_GPIOInits
                0x000000000800026c       0x50 ./BARE_APP/SPI_ARDUINO_COMMS.o
                0x000000000800026c                SPI2_GPIOInits
 .text.SPI2_Inits
                0x00000000080002bc       0x3c ./BARE_APP/SPI_ARDUINO_COMMS.o
                0x00000000080002bc                SPI2_Inits
 .text.Button_Init
                0x00000000080002f8       0x30 ./BARE_APP/SPI_ARDUINO_COMMS.o
                0x00000000080002f8                Button_Init
 .text.delay    0x0000000008000328       0x2c ./BARE_APP/SPI_ARDUINO_COMMS.o
                0x0000000008000328                delay
 .text.GPIO_PeriClockControl
                0x0000000008000354      0x1d0 ./Core/Src/stm32f407_gpio_driver.o
                0x0000000008000354                GPIO_PeriClockControl
 .text.GPIO_Init
                0x0000000008000524      0x344 ./Core/Src/stm32f407_gpio_driver.o
                0x0000000008000524                GPIO_Init
 .text.GPIO_ReadFromInputPin
                0x0000000008000868       0x2c ./Core/Src/stm32f407_gpio_driver.o
                0x0000000008000868                GPIO_ReadFromInputPin
 .text.SPI_PeriClockControl
                0x0000000008000894       0xe0 ./Core/Src/stm32f407_spi_driver.o
                0x0000000008000894                SPI_PeriClockControl
 .text.SPI_Init
                0x0000000008000974       0xbe ./Core/Src/stm32f407_spi_driver.o
                0x0000000008000974                SPI_Init
 .text.SPI_GetFlagStatus
                0x0000000008000a32       0x28 ./Core/Src/stm32f407_spi_driver.o
                0x0000000008000a32                SPI_GetFlagStatus
 .text.SPI_SendData
                0x0000000008000a5a       0x6e ./Core/Src/stm32f407_spi_driver.o
                0x0000000008000a5a                SPI_SendData
 .text.SPI_PeripheralControl
                0x0000000008000ac8       0x38 ./Core/Src/stm32f407_spi_driver.o
                0x0000000008000ac8                SPI_PeripheralControl
 .text.SPI_SSOEConfig
                0x0000000008000b00       0x38 ./Core/Src/stm32f407_spi_driver.o
                0x0000000008000b00                SPI_SSOEConfig
 .text.SystemInit
                0x0000000008000b38       0x24 ./Core/Src/system_stm32f4xx.o
                0x0000000008000b38                SystemInit
 .text.Reset_Handler
                0x0000000008000b5c       0x50 ./Core/Startup/startup_stm32f407vgtx.o
                0x0000000008000b5c                Reset_Handler
 .text.Default_Handler
                0x0000000008000bac        0x2 ./Core/Startup/startup_stm32f407vgtx.o
                0x0000000008000bac                RTC_Alarm_IRQHandler
                0x0000000008000bac                HASH_RNG_IRQHandler
                0x0000000008000bac                EXTI2_IRQHandler
                0x0000000008000bac                TIM8_CC_IRQHandler
                0x0000000008000bac                DebugMon_Handler
                0x0000000008000bac                TIM1_CC_IRQHandler
                0x0000000008000bac                DMA2_Stream5_IRQHandler
                0x0000000008000bac                HardFault_Handler
                0x0000000008000bac                DMA1_Stream5_IRQHandler
                0x0000000008000bac                SysTick_Handler
                0x0000000008000bac                PVD_IRQHandler
                0x0000000008000bac                SDIO_IRQHandler
                0x0000000008000bac                TAMP_STAMP_IRQHandler
                0x0000000008000bac                PendSV_Handler
                0x0000000008000bac                NMI_Handler
                0x0000000008000bac                CAN2_RX1_IRQHandler
                0x0000000008000bac                EXTI3_IRQHandler
                0x0000000008000bac                TIM8_TRG_COM_TIM14_IRQHandler
                0x0000000008000bac                TIM1_UP_TIM10_IRQHandler
                0x0000000008000bac                TIM8_UP_TIM13_IRQHandler
                0x0000000008000bac                I2C3_ER_IRQHandler
                0x0000000008000bac                EXTI0_IRQHandler
                0x0000000008000bac                I2C2_EV_IRQHandler
                0x0000000008000bac                DMA1_Stream2_IRQHandler
                0x0000000008000bac                CAN1_RX0_IRQHandler
                0x0000000008000bac                FPU_IRQHandler
                0x0000000008000bac                OTG_HS_WKUP_IRQHandler
                0x0000000008000bac                UsageFault_Handler
                0x0000000008000bac                CAN2_SCE_IRQHandler
                0x0000000008000bac                DMA2_Stream2_IRQHandler
                0x0000000008000bac                SPI1_IRQHandler
                0x0000000008000bac                TIM6_DAC_IRQHandler
                0x0000000008000bac                TIM1_BRK_TIM9_IRQHandler
                0x0000000008000bac                DCMI_IRQHandler
                0x0000000008000bac                CAN2_RX0_IRQHandler
                0x0000000008000bac                DMA2_Stream3_IRQHandler
                0x0000000008000bac                USART6_IRQHandler
                0x0000000008000bac                USART3_IRQHandler
                0x0000000008000bac                CAN1_RX1_IRQHandler
                0x0000000008000bac                UART5_IRQHandler
                0x0000000008000bac                DMA2_Stream0_IRQHandler
                0x0000000008000bac                TIM4_IRQHandler
                0x0000000008000bac                I2C1_EV_IRQHandler
                0x0000000008000bac                DMA1_Stream6_IRQHandler
                0x0000000008000bac                DMA1_Stream1_IRQHandler
                0x0000000008000bac                UART4_IRQHandler
                0x0000000008000bac                TIM3_IRQHandler
                0x0000000008000bac                RCC_IRQHandler
                0x0000000008000bac                TIM8_BRK_TIM12_IRQHandler
                0x0000000008000bac                Default_Handler
                0x0000000008000bac                EXTI15_10_IRQHandler
                0x0000000008000bac                ADC_IRQHandler
                0x0000000008000bac                DMA1_Stream7_IRQHandler
                0x0000000008000bac                TIM7_IRQHandler
                0x0000000008000bac                CAN2_TX_IRQHandler
                0x0000000008000bac                TIM5_IRQHandler
                0x0000000008000bac                DMA2_Stream7_IRQHandler
                0x0000000008000bac                I2C3_EV_IRQHandler
                0x0000000008000bac                EXTI9_5_IRQHandler
                0x0000000008000bac                RTC_WKUP_IRQHandler
                0x0000000008000bac                ETH_WKUP_IRQHandler
                0x0000000008000bac                SPI2_IRQHandler
                0x0000000008000bac                OTG_HS_EP1_IN_IRQHandler
                0x0000000008000bac                MemManage_Handler
                0x0000000008000bac                DMA1_Stream0_IRQHandler
                0x0000000008000bac                CAN1_TX_IRQHandler
                0x0000000008000bac                SVC_Handler
                0x0000000008000bac                EXTI4_IRQHandler
                0x0000000008000bac                FSMC_IRQHandler
                0x0000000008000bac                ETH_IRQHandler
                0x0000000008000bac                OTG_HS_EP1_OUT_IRQHandler
                0x0000000008000bac                WWDG_IRQHandler
                0x0000000008000bac                TIM2_IRQHandler
                0x0000000008000bac                OTG_FS_WKUP_IRQHandler
                0x0000000008000bac                TIM1_TRG_COM_TIM11_IRQHandler
                0x0000000008000bac                OTG_HS_IRQHandler
                0x0000000008000bac                EXTI1_IRQHandler
                0x0000000008000bac                USART2_IRQHandler
                0x0000000008000bac                I2C2_ER_IRQHandler
                0x0000000008000bac                DMA2_Stream1_IRQHandler
                0x0000000008000bac                CAN1_SCE_IRQHandler
                0x0000000008000bac                FLASH_IRQHandler
                0x0000000008000bac                DMA2_Stream4_IRQHandler
                0x0000000008000bac                BusFault_Handler
                0x0000000008000bac                USART1_IRQHandler
                0x0000000008000bac                OTG_FS_IRQHandler
                0x0000000008000bac                SPI3_IRQHandler
                0x0000000008000bac                DMA1_Stream4_IRQHandler
                0x0000000008000bac                I2C1_ER_IRQHandler
                0x0000000008000bac                DMA2_Stream6_IRQHandler
                0x0000000008000bac                DMA1_Stream3_IRQHandler
 *fill*         0x0000000008000bae        0x2 
 .text.__libc_init_array
                0x0000000008000bb0       0x48 c:/st/stm32cubeide_1.11.0/stm32cubeide/plugins/com.st.stm32cube.ide.mcu.externaltools.gnu-tools-for-stm32.10.3-2021.10.win32_1.0.100.202210260954/tools/bin/../lib/gcc/arm-none-eabi/10.3.1/../../../../arm-none-eabi/lib/thumb/v7e-m+fp/hard\libc_nano.a(lib_a-init.o)
                0x0000000008000bb0                __libc_init_array
 *(.glue_7)
 .glue_7        0x0000000008000bf8        0x0 linker stubs
 *(.glue_7t)
 .glue_7t       0x0000000008000bf8        0x0 linker stubs
 *(.eh_frame)
 .eh_frame      0x0000000008000bf8        0x0 c:/st/stm32cubeide_1.11.0/stm32cubeide/plugins/com.st.stm32cube.ide.mcu.externaltools.gnu-tools-for-stm32.10.3-2021.10.win32_1.0.100.202210260954/tools/bin/../lib/gcc/arm-none-eabi/10.3.1/thumb/v7e-m+fp/hard/crtbegin.o
 *(.init)
 .init          0x0000000008000bf8        0x4 c:/st/stm32cubeide_1.11.0/stm32cubeide/plugins/com.st.stm32cube.ide.mcu.externaltools.gnu-tools-for-stm32.10.3-2021.10.win32_1.0.100.202210260954/tools/bin/../lib/gcc/arm-none-eabi/10.3.1/thumb/v7e-m+fp/hard/crti.o
                0x0000000008000bf8                _init
 .init          0x0000000008000bfc        0x8 c:/st/stm32cubeide_1.11.0/stm32cubeide/plugins/com.st.stm32cube.ide.mcu.externaltools.gnu-tools-for-stm32.10.3-2021.10.win32_1.0.100.202210260954/tools/bin/../lib/gcc/arm-none-eabi/10.3.1/thumb/v7e-m+fp/hard/crtn.o
 *(.fini)
 .fini          0x0000000008000c04        0x4 c:/st/stm32cubeide_1.11.0/stm32cubeide/plugins/com.st.stm32cube.ide.mcu.externaltools.gnu-tools-for-stm32.10.3-2021.10.win32_1.0.100.202210260954/tools/bin/../lib/gcc/arm-none-eabi/10.3.1/thumb/v7e-m+fp/hard/crti.o
                0x0000000008000c04                _fini
 .fini          0x0000000008000c08        0x8 c:/st/stm32cubeide_1.11.0/stm32cubeide/plugins/com.st.stm32cube.ide.mcu.externaltools.gnu-tools-for-stm32.10.3-2021.10.win32_1.0.100.202210260954/tools/bin/../lib/gcc/arm-none-eabi/10.3.1/thumb/v7e-m+fp/hard/crtn.o
                0x0000000008000c10                . = ALIGN (0x4)
                0x0000000008000c10                _etext = .

.vfp11_veneer   0x0000000008000c10        0x0
 .vfp11_veneer  0x0000000008000c10        0x0 linker stubs

.v4_bx          0x0000000008000c10        0x0
 .v4_bx         0x0000000008000c10        0x0 linker stubs

.iplt           0x0000000008000c10        0x0
 .iplt          0x0000000008000c10        0x0 c:/st/stm32cubeide_1.11.0/stm32cubeide/plugins/com.st.stm32cube.ide.mcu.externaltools.gnu-tools-for-stm32.10.3-2021.10.win32_1.0.100.202210260954/tools/bin/../lib/gcc/arm-none-eabi/10.3.1/thumb/v7e-m+fp/hard/crtbegin.o

.rodata         0x0000000008000c10        0xc
                0x0000000008000c10                . = ALIGN (0x4)
 *(.rodata)
 .rodata        0x0000000008000c10        0xc ./BARE_APP/SPI_ARDUINO_COMMS.o
 *(.rodata*)
                0x0000000008000c1c                . = ALIGN (0x4)

.rel.dyn        0x0000000008000c1c        0x0
 .rel.iplt      0x0000000008000c1c        0x0 c:/st/stm32cubeide_1.11.0/stm32cubeide/plugins/com.st.stm32cube.ide.mcu.externaltools.gnu-tools-for-stm32.10.3-2021.10.win32_1.0.100.202210260954/tools/bin/../lib/gcc/arm-none-eabi/10.3.1/thumb/v7e-m+fp/hard/crtbegin.o

.ARM.extab      0x0000000008000c1c        0x0
                0x0000000008000c1c                . = ALIGN (0x4)
 *(.ARM.extab* .gnu.linkonce.armextab.*)
                0x0000000008000c1c                . = ALIGN (0x4)

.ARM            0x0000000008000c1c        0x0
                0x0000000008000c1c                . = ALIGN (0x4)
                0x0000000008000c1c                __exidx_start = .
 *(.ARM.exidx*)
                0x0000000008000c1c                __exidx_end = .
                0x0000000008000c1c                . = ALIGN (0x4)

.preinit_array  0x0000000008000c1c        0x0
                0x0000000008000c1c                . = ALIGN (0x4)
                0x0000000008000c1c                PROVIDE (__preinit_array_start = .)
 *(.preinit_array*)
                0x0000000008000c1c                PROVIDE (__preinit_array_end = .)
                0x0000000008000c1c                . = ALIGN (0x4)

.init_array     0x0000000008000c1c        0x4
                0x0000000008000c1c                . = ALIGN (0x4)
                0x0000000008000c1c                PROVIDE (__init_array_start = .)
 *(SORT_BY_NAME(.init_array.*))
 *(.init_array*)
 .init_array    0x0000000008000c1c        0x4 c:/st/stm32cubeide_1.11.0/stm32cubeide/plugins/com.st.stm32cube.ide.mcu.externaltools.gnu-tools-for-stm32.10.3-2021.10.win32_1.0.100.202210260954/tools/bin/../lib/gcc/arm-none-eabi/10.3.1/thumb/v7e-m+fp/hard/crtbegin.o
                0x0000000008000c20                PROVIDE (__init_array_end = .)
                0x0000000008000c20                . = ALIGN (0x4)

.fini_array     0x0000000008000c20        0x4
                0x0000000008000c20                . = ALIGN (0x4)
                [!provide]                        PROVIDE (__fini_array_start = .)
 *(SORT_BY_NAME(.fini_array.*))
 *(.fini_array*)
 .fini_array    0x0000000008000c20        0x4 c:/st/stm32cubeide_1.11.0/stm32cubeide/plugins/com.st.stm32cube.ide.mcu.externaltools.gnu-tools-for-stm32.10.3-2021.10.win32_1.0.100.202210260954/tools/bin/../lib/gcc/arm-none-eabi/10.3.1/thumb/v7e-m+fp/hard/crtbegin.o
                [!provide]                        PROVIDE (__fini_array_end = .)
                0x0000000008000c24                . = ALIGN (0x4)
                0x0000000008000c24                _sidata = LOADADDR (.data)

.data           0x0000000020000000        0x0 load address 0x0000000008000c24
                0x0000000020000000                . = ALIGN (0x4)
                0x0000000020000000                _sdata = .
 *(.data)
 *(.data*)
 *(.RamFunc)
 *(.RamFunc*)
                0x0000000020000000                . = ALIGN (0x4)
                0x0000000020000000                _edata = .
                0x0000000008000c24                _siccmram = LOADADDR (.ccmram)

.igot.plt       0x0000000020000000        0x0 load address 0x0000000008000c24
 .igot.plt      0x0000000020000000        0x0 c:/st/stm32cubeide_1.11.0/stm32cubeide/plugins/com.st.stm32cube.ide.mcu.externaltools.gnu-tools-for-stm32.10.3-2021.10.win32_1.0.100.202210260954/tools/bin/../lib/gcc/arm-none-eabi/10.3.1/thumb/v7e-m+fp/hard/crtbegin.o

.ccmram         0x0000000010000000        0x0 load address 0x0000000008000c24
                0x0000000010000000                . = ALIGN (0x4)
                0x0000000010000000                _sccmram = .
 *(.ccmram)
 *(.ccmram*)
                0x0000000010000000                . = ALIGN (0x4)
                0x0000000010000000                _eccmram = .
                0x0000000010000000                . = ALIGN (0x4)

.bss            0x0000000020000000       0x1c
                0x0000000020000000                _sbss = .
                0x0000000020000000                __bss_start__ = _sbss
 *(.bss)
 .bss           0x0000000020000000       0x1c c:/st/stm32cubeide_1.11.0/stm32cubeide/plugins/com.st.stm32cube.ide.mcu.externaltools.gnu-tools-for-stm32.10.3-2021.10.win32_1.0.100.202210260954/tools/bin/../lib/gcc/arm-none-eabi/10.3.1/thumb/v7e-m+fp/hard/crtbegin.o
 *(.bss*)
 *(COMMON)
                0x000000002000001c                . = ALIGN (0x4)
                0x000000002000001c                _ebss = .
                0x000000002000001c                __bss_end__ = _ebss

._user_heap_stack
                0x000000002000001c      0x604
                0x0000000020000020                . = ALIGN (0x8)
 *fill*         0x000000002000001c        0x4 
                [!provide]                        PROVIDE (end = .)
                0x0000000020000020                PROVIDE (_end = .)
                0x0000000020000220                . = (. + _Min_Heap_Size)
 *fill*         0x0000000020000020      0x200 
                0x0000000020000620                . = (. + _Min_Stack_Size)
 *fill*         0x0000000020000220      0x400 
                0x0000000020000620                . = ALIGN (0x8)

/DISCARD/
 libc.a(*)
 libm.a(*)
 libgcc.a(*)

.ARM.attributes
                0x0000000000000000       0x30
 *(.ARM.attributes)
 .ARM.attributes
                0x0000000000000000       0x1e c:/st/stm32cubeide_1.11.0/stm32cubeide/plugins/com.st.stm32cube.ide.mcu.externaltools.gnu-tools-for-stm32.10.3-2021.10.win32_1.0.100.202210260954/tools/bin/../lib/gcc/arm-none-eabi/10.3.1/thumb/v7e-m+fp/hard/crti.o
 .ARM.attributes
                0x000000000000001e       0x34 c:/st/stm32cubeide_1.11.0/stm32cubeide/plugins/com.st.stm32cube.ide.mcu.externaltools.gnu-tools-for-stm32.10.3-2021.10.win32_1.0.100.202210260954/tools/bin/../lib/gcc/arm-none-eabi/10.3.1/thumb/v7e-m+fp/hard/crtbegin.o
 .ARM.attributes
                0x0000000000000052       0x34 ./BARE_APP/SPI_ARDUINO_COMMS.o
 .ARM.attributes
                0x0000000000000086       0x34 ./Core/Src/stm32f407_gpio_driver.o
 .ARM.attributes
                0x00000000000000ba       0x34 ./Core/Src/stm32f407_spi_driver.o
 .ARM.attributes
                0x00000000000000ee       0x34 ./Core/Src/system_stm32f4xx.o
 .ARM.attributes
                0x0000000000000122       0x21 ./Core/Startup/startup_stm32f407vgtx.o
 .ARM.attributes
                0x0000000000000143       0x34 c:/st/stm32cubeide_1.11.0/stm32cubeide/plugins/com.st.stm32cube.ide.mcu.externaltools.gnu-tools-for-stm32.10.3-2021.10.win32_1.0.100.202210260954/tools/bin/../lib/gcc/arm-none-eabi/10.3.1/../../../../arm-none-eabi/lib/thumb/v7e-m+fp/hard\libc_nano.a(lib_a-init.o)
 .ARM.attributes
                0x0000000000000177       0x17 c:/st/stm32cubeide_1.11.0/stm32cubeide/plugins/com.st.stm32cube.ide.mcu.externaltools.gnu-tools-for-stm32.10.3-2021.10.win32_1.0.100.202210260954/tools/bin/../lib/gcc/arm-none-eabi/10.3.1/../../../../arm-none-eabi/lib/thumb/v7e-m+fp/hard\libc_nano.a(lib_a-strlen.o)
 .ARM.attributes
                0x000000000000018e       0x1e c:/st/stm32cubeide_1.11.0/stm32cubeide/plugins/com.st.stm32cube.ide.mcu.externaltools.gnu-tools-for-stm32.10.3-2021.10.win32_1.0.100.202210260954/tools/bin/../lib/gcc/arm-none-eabi/10.3.1/thumb/v7e-m+fp/hard/crtn.o
OUTPUT(4 wheel DC chassis.elf elf32-littlearm)
LOAD linker stubs
LOAD c:/st/stm32cubeide_1.11.0/stm32cubeide/plugins/com.st.stm32cube.ide.mcu.externaltools.gnu-tools-for-stm32.10.3-2021.10.win32_1.0.100.202210260954/tools/bin/../lib/gcc/arm-none-eabi/10.3.1/../../../../arm-none-eabi/lib/thumb/v7e-m+fp/hard\libc.a
LOAD c:/st/stm32cubeide_1.11.0/stm32cubeide/plugins/com.st.stm32cube.ide.mcu.externaltools.gnu-tools-for-stm32.10.3-2021.10.win32_1.0.100.202210260954/tools/bin/../lib/gcc/arm-none-eabi/10.3.1/../../../../arm-none-eabi/lib/thumb/v7e-m+fp/hard\libm.a
LOAD c:/st/stm32cubeide_1.11.0/stm32cubeide/plugins/com.st.stm32cube.ide.mcu.externaltools.gnu-tools-for-stm32.10.3-2021.10.win32_1.0.100.202210260954/tools/bin/../lib/gcc/arm-none-eabi/10.3.1/thumb/v7e-m+fp/hard\libgcc.a

.debug_info     0x0000000000000000     0x17b4
 .debug_info    0x0000000000000000      0x4fe ./BARE_APP/SPI_ARDUINO_COMMS.o
 .debug_info    0x00000000000004fe      0x7cc ./Core/Src/stm32f407_gpio_driver.o
 .debug_info    0x0000000000000cca      0x5a5 ./Core/Src/stm32f407_spi_driver.o
 .debug_info    0x000000000000126f      0x523 ./Core/Src/system_stm32f4xx.o
 .debug_info    0x0000000000001792       0x22 ./Core/Startup/startup_stm32f407vgtx.o

.debug_abbrev   0x0000000000000000      0x5a3
 .debug_abbrev  0x0000000000000000      0x196 ./BARE_APP/SPI_ARDUINO_COMMS.o
 .debug_abbrev  0x0000000000000196      0x1b3 ./Core/Src/stm32f407_gpio_driver.o
 .debug_abbrev  0x0000000000000349      0x132 ./Core/Src/stm32f407_spi_driver.o
 .debug_abbrev  0x000000000000047b      0x116 ./Core/Src/system_stm32f4xx.o
 .debug_abbrev  0x0000000000000591       0x12 ./Core/Startup/startup_stm32f407vgtx.o

.debug_aranges  0x0000000000000000      0x158
 .debug_aranges
                0x0000000000000000       0x40 ./BARE_APP/SPI_ARDUINO_COMMS.o
 .debug_aranges
                0x0000000000000040       0x70 ./Core/Src/stm32f407_gpio_driver.o
 .debug_aranges
                0x00000000000000b0       0x58 ./Core/Src/stm32f407_spi_driver.o
 .debug_aranges
                0x0000000000000108       0x28 ./Core/Src/system_stm32f4xx.o
 .debug_aranges
                0x0000000000000130       0x28 ./Core/Startup/startup_stm32f407vgtx.o

.debug_ranges   0x0000000000000000      0x110
 .debug_ranges  0x0000000000000000       0x30 ./BARE_APP/SPI_ARDUINO_COMMS.o
 .debug_ranges  0x0000000000000030       0x60 ./Core/Src/stm32f407_gpio_driver.o
 .debug_ranges  0x0000000000000090       0x48 ./Core/Src/stm32f407_spi_driver.o
 .debug_ranges  0x00000000000000d8       0x18 ./Core/Src/system_stm32f4xx.o
 .debug_ranges  0x00000000000000f0       0x20 ./Core/Startup/startup_stm32f407vgtx.o

.debug_macro    0x0000000000000000     0x24e8
 .debug_macro   0x0000000000000000      0x167 ./BARE_APP/SPI_ARDUINO_COMMS.o
 .debug_macro   0x0000000000000167      0xa78 ./BARE_APP/SPI_ARDUINO_COMMS.o
 .debug_macro   0x0000000000000bdf      0x174 ./BARE_APP/SPI_ARDUINO_COMMS.o
 .debug_macro   0x0000000000000d53       0x22 ./BARE_APP/SPI_ARDUINO_COMMS.o
 .debug_macro   0x0000000000000d75       0x8e ./BARE_APP/SPI_ARDUINO_COMMS.o
 .debug_macro   0x0000000000000e03       0x51 ./BARE_APP/SPI_ARDUINO_COMMS.o
 .debug_macro   0x0000000000000e54      0x103 ./BARE_APP/SPI_ARDUINO_COMMS.o
 .debug_macro   0x0000000000000f57       0x6a ./BARE_APP/SPI_ARDUINO_COMMS.o
 .debug_macro   0x0000000000000fc1      0x1df ./BARE_APP/SPI_ARDUINO_COMMS.o
 .debug_macro   0x00000000000011a0      0x796 ./BARE_APP/SPI_ARDUINO_COMMS.o
 .debug_macro   0x0000000000001936       0xc4 ./BARE_APP/SPI_ARDUINO_COMMS.o
 .debug_macro   0x00000000000019fa       0xbe ./BARE_APP/SPI_ARDUINO_COMMS.o
 .debug_macro   0x0000000000001ab8       0x52 ./BARE_APP/SPI_ARDUINO_COMMS.o
 .debug_macro   0x0000000000001b0a       0x1e ./BARE_APP/SPI_ARDUINO_COMMS.o
 .debug_macro   0x0000000000001b28       0x3c ./BARE_APP/SPI_ARDUINO_COMMS.o
 .debug_macro   0x0000000000001b64       0x34 ./BARE_APP/SPI_ARDUINO_COMMS.o
 .debug_macro   0x0000000000001b98       0x16 ./BARE_APP/SPI_ARDUINO_COMMS.o
 .debug_macro   0x0000000000001bae       0x43 ./BARE_APP/SPI_ARDUINO_COMMS.o
 .debug_macro   0x0000000000001bf1       0x34 ./BARE_APP/SPI_ARDUINO_COMMS.o
 .debug_macro   0x0000000000001c25       0x10 ./BARE_APP/SPI_ARDUINO_COMMS.o
 .debug_macro   0x0000000000001c35       0x58 ./BARE_APP/SPI_ARDUINO_COMMS.o
 .debug_macro   0x0000000000001c8d       0x71 ./BARE_APP/SPI_ARDUINO_COMMS.o
 .debug_macro   0x0000000000001cfe       0x1c ./BARE_APP/SPI_ARDUINO_COMMS.o
 .debug_macro   0x0000000000001d1a      0x12a ./BARE_APP/SPI_ARDUINO_COMMS.o
 .debug_macro   0x0000000000001e44      0x341 ./BARE_APP/SPI_ARDUINO_COMMS.o
 .debug_macro   0x0000000000002185       0x10 ./BARE_APP/SPI_ARDUINO_COMMS.o
 .debug_macro   0x0000000000002195       0x35 ./BARE_APP/SPI_ARDUINO_COMMS.o
 .debug_macro   0x00000000000021ca       0x20 ./BARE_APP/SPI_ARDUINO_COMMS.o
 .debug_macro   0x00000000000021ea       0x9d ./Core/Src/stm32f407_gpio_driver.o
 .debug_macro   0x0000000000002287       0x9d ./Core/Src/stm32f407_spi_driver.o
 .debug_macro   0x0000000000002324      0x1c4 ./Core/Src/system_stm32f4xx.o

.debug_line     0x0000000000000000     0x1d38
 .debug_line    0x0000000000000000      0x648 ./BARE_APP/SPI_ARDUINO_COMMS.o
 .debug_line    0x0000000000000648      0x97a ./Core/Src/stm32f407_gpio_driver.o
 .debug_line    0x0000000000000fc2      0x5c1 ./Core/Src/stm32f407_spi_driver.o
 .debug_line    0x0000000000001583      0x72d ./Core/Src/system_stm32f4xx.o
 .debug_line    0x0000000000001cb0       0x88 ./Core/Startup/startup_stm32f407vgtx.o

.debug_str      0x0000000000000000    0xc7268
 .debug_str     0x0000000000000000     0x9545 ./BARE_APP/SPI_ARDUINO_COMMS.o
                                       0x9747 (size before relaxing)
 .debug_str     0x0000000000009545      0x2b1 ./Core/Src/stm32f407_gpio_driver.o
                                       0x6a44 (size before relaxing)
 .debug_str     0x00000000000097f6       0x8d ./Core/Src/stm32f407_spi_driver.o
                                       0x694b (size before relaxing)
 .debug_str     0x0000000000009883    0xbd9af ./Core/Src/system_stm32f4xx.o
                                      0xc1a8d (size before relaxing)
 .debug_str     0x00000000000c7232       0x36 ./Core/Startup/startup_stm32f407vgtx.o
                                         0x77 (size before relaxing)

.comment        0x0000000000000000       0x50
 .comment       0x0000000000000000       0x50 ./BARE_APP/SPI_ARDUINO_COMMS.o
                                         0x51 (size before relaxing)
 .comment       0x0000000000000050       0x51 ./Core/Src/stm32f407_gpio_driver.o
 .comment       0x0000000000000050       0x51 ./Core/Src/stm32f407_spi_driver.o
 .comment       0x0000000000000050       0x51 ./Core/Src/system_stm32f4xx.o

.debug_frame    0x0000000000000000      0x454
 .debug_frame   0x0000000000000000       0xc4 ./BARE_APP/SPI_ARDUINO_COMMS.o
 .debug_frame   0x00000000000000c4      0x1c8 ./Core/Src/stm32f407_gpio_driver.o
 .debug_frame   0x000000000000028c      0x144 ./Core/Src/stm32f407_spi_driver.o
 .debug_frame   0x00000000000003d0       0x58 ./Core/Src/system_stm32f4xx.o
 .debug_frame   0x0000000000000428       0x2c c:/st/stm32cubeide_1.11.0/stm32cubeide/plugins/com.st.stm32cube.ide.mcu.externaltools.gnu-tools-for-stm32.10.3-2021.10.win32_1.0.100.202210260954/tools/bin/../lib/gcc/arm-none-eabi/10.3.1/../../../../arm-none-eabi/lib/thumb/v7e-m+fp/hard\libc_nano.a(lib_a-init.o)
