../Core/Src/main.c:73:5:main	8	static
../Core/Src/main.c:161:7:delay	16	static
../Core/Src/main.c:165:6:button_init	16	static
../Core/Src/main.c:175:6:enable_init	16	static
../Core/Src/main.c:188:7:SystemClock_Config_HSE	112	static
../Core/Src/main.c:330:6:Error_Handler	4	static
../Core/Src/main.c:334:6:led_init	16	static
../Core/Src/main.c:356:6:timer2_init	40	static
../Core/Src/main.c:383:6:timer3_init	40	static
../Core/Src/main.c:409:6:timer4_init	40	static
../Core/Src/main.c:448:6:timer9_init	40	static
